../Core/Src/main.c:86:6:HAL_UART_RxCpltCallback	16	static
../Core/Src/main.c:132:13:HAL_Delay	24	static
../Core/Src/main.c:148:5:__io_putchar	24	static
../Core/Src/main.c:159:6:sendConfigMessageToLora	16	static
../Core/Src/main.c:168:6:sendJoinRequestToLora	8	static
../Core/Src/main.c:176:6:sendToPC	16	static
../Core/Src/main.c:181:6:goToDeepSleep	8	static
../Core/Src/main.c:189:6:connectToLora	8	static
../Core/Src/main.c:220:5:main	120	static
../Core/Src/main.c:327:6:SystemClock_Config	96	static
../Core/Src/main.c:385:6:Error_Handler	4	static,ignoring_inline_asm
